
  x A rest parameter must be last in a parameter list
   ,-[$DIR/tests/pat/errors/rest-not-last/arrow_function_params.js:1:1]
 1 | (...a,b,)=>{};
   :  ^^^^
   `----
