
  x Rest element must be final element
   ,-[$DIR/tests/pat/errors/rest-not-last/arrow_function_object_binding_pattern.js:1:1]
 1 | ({...a,b,},)=>{};
   :   ^^^^
   `----
