
  x Rest element must be final element
   ,-[$DIR/tests/pat/errors/rest-not-last/function_object_binding_pattern.js:1:1]
 1 | function fn({...a,b,},) {};
   :              ^^^^
   `----
