
  x Rest element must be final element
   ,-[$DIR/tests/pat/errors/rest-not-last/object_binding_pattern.js:1:1]
 1 | const {...a,b,} = {...spread,};
   :        ^^^^
   `----
