
  x Unexpected token `(`. Expected yield, an identifier, [ or {
   ,-[$DIR/tests/pat/errors/issue-2834/input.js:4:1]
 4 | for (const [(a)] of arr) {}
   :             ^
   `----

  x Not a pattern
   ,-[$DIR/tests/pat/errors/issue-2834/input.js:2:1]
 2 | ([(a)]) => {};
   :   ^^^
   `----

  x Not a pattern
   ,-[$DIR/tests/pat/errors/issue-2834/input.js:3:1]
 3 | ({ a: (b) }) => {};
   :       ^^^
   `----
