
  x Cannot assign to this
   ,-[$DIR/tests/test262-parser/fail/db41a80ccf646002.js:2:1]
 2 | [(a = 0)] = 1
   :  ^^^^^^^
   `----
