
  x Trailing comma isn't permitted after a rest element
   ,-[$DIR/tests/pat/errors/rest-trailing-comma/arrow_function_params.js:1:1]
 1 | (...a,)=>{};
   :      ^
   `----
