
  x Trailing comma isn't permitted after a rest element
   ,-[$DIR/tests/pat/errors/rest-trailing-comma/class_method_and_constructor.js:2:3]
 2 | constructor(...a,){}
   :                 ^
   `----

  x Trailing comma isn't permitted after a rest element
   ,-[$DIR/tests/pat/errors/rest-trailing-comma/class_method_and_constructor.js:3:3]
 3 | fn(...a,) {}
   :        ^
   `----
