
  x Trailing comma isn't permitted after a rest element
   ,-[$DIR/tests/pat/errors/rest-trailing-comma/issue-3676.js:1:1]
 1 | for ([...rest,] of a) {}
   :              ^
   `----

  x Trailing comma isn't permitted after a rest element
   ,-[$DIR/tests/pat/errors/rest-trailing-comma/issue-3676.js:2:1]
 2 | for ({...rest,} of b) {}
   :              ^
   `----
